[forbetterweb.com/html/concept/indexportfolio2.html]
[forbetterweb.com/html/concept/img/misc/favicon.png]
[backblue.gif]
[fade.gif]
[index.html]
[forbetterweb.com/html/concept/css/bootstrap.min.css]
[forbetterweb.com/html/concept/css/dark-top-menu.css]
[forbetterweb.com/html/concept/css/main.css]
[forbetterweb.com/html/concept/indexslider.html]
[forbetterweb.com/html/concept/indexvideo.html]
[forbetterweb.com/html/concept/indexagency.html]
[forbetterweb.com/html/concept/indexapp.html]
[forbetterweb.com/html/concept/indexpersonal.html]
[forbetterweb.com/html/concept/indexpersonal2.html]
[forbetterweb.com/html/concept/indexportfolio.html]
[forbetterweb.com/html/concept/indexcar.html]
[forbetterweb.com/html/concept/indexconstruction.html]
[forbetterweb.com/html/concept/indexbarber.html]
[forbetterweb.com/html/concept/indexspa.html]
[forbetterweb.com/html/concept/indexcafe.html]
[forbetterweb.com/html/concept/indexevent.html]
[forbetterweb.com/html/concept/indexarchdesign.html]
[forbetterweb.com/html/concept/landing.html]
[forbetterweb.com/html/concept/landing2.html]
[forbetterweb.com/html/concept/landingdark.html]
[forbetterweb.com/html/concept/indexparallax-one.html]
[forbetterweb.com/html/concept/indexvideo-one.html]
[forbetterweb.com/html/concept/indexvideo2-one.html]
[forbetterweb.com/html/concept/indexagency-one.html]
[forbetterweb.com/html/concept/indexportfolio-one.html]
[forbetterweb.com/html/concept/indexdark-one.html]
[forbetterweb.com/html/concept/indexkenburns-one.html]
[forbetterweb.com/html/concept/indexkenburns2-one.html]
[forbetterweb.com/html/concept/indexsolidcolor-one.html]
[forbetterweb.com/html/concept/comingsoon.html]
[forbetterweb.com/html/concept/comingsoon2.html]
[forbetterweb.com/html/concept/comingsoon3.html]
[forbetterweb.com/html/concept/index.html]
[forbetterweb.com/html/concept/about.html]
[forbetterweb.com/html/concept/about2.html]
[forbetterweb.com/html/concept/contact.html]
[forbetterweb.com/html/concept/contact2.html]
[forbetterweb.com/html/concept/partners.html]
[forbetterweb.com/html/concept/team.html]
[forbetterweb.com/html/concept/services.html]
[forbetterweb.com/html/concept/register.html]
[forbetterweb.com/html/concept/login.html]
[forbetterweb.com/html/concept/register-login.html]
[forbetterweb.com/html/concept/faq.html]
[forbetterweb.com/html/concept/404.html]
[forbetterweb.com/html/concept/portfolio-masonry-2.html]
[forbetterweb.com/html/concept/portfolio-masonry-3.html]
[forbetterweb.com/html/concept/portfolio-masonry-4.html]
[forbetterweb.com/html/concept/portfolio-wide-2.html]
[forbetterweb.com/html/concept/portfolio-wide-3.html]
[forbetterweb.com/html/concept/portfolio-wide-4.html]
[forbetterweb.com/html/concept/portfolio-boxed-3.html]
[forbetterweb.com/html/concept/portfolio-boxed-2.html]
[forbetterweb.com/html/concept/portfolio-single.html]
[forbetterweb.com/html/concept/portfolio-boxed-4.html]
[forbetterweb.com/html/concept/news2.html]
[forbetterweb.com/html/concept/news2-sidebar.html]
[forbetterweb.com/html/concept/news3.html]
[forbetterweb.com/html/concept/news4.html]
[forbetterweb.com/html/concept/news-single.html]
[forbetterweb.com/html/concept/news-single-sidebar.html]
[forbetterweb.com/html/concept/headers.html]
[forbetterweb.com/html/concept/buttons.html]
[forbetterweb.com/html/concept/carousels.html]
[forbetterweb.com/html/concept/columns.html]
[forbetterweb.com/html/concept/pricing.html]
[forbetterweb.com/html/concept/countdown.html]
[forbetterweb.com/html/concept/bars-charts.html]
[forbetterweb.com/html/concept/animate-on-scroll.html]
[forbetterweb.com/html/concept/typography.html]
[forbetterweb.com/html/concept/accordions.html]
[forbetterweb.com/html/concept/video-sound.html]
[forbetterweb.com/html/concept/tabs.html]
[forbetterweb.com/html/concept/shop.html]
[forbetterweb.com/html/concept/shop2.html]
[forbetterweb.com/html/concept/shop3.html]
[forbetterweb.com/html/concept/shop-single.html]
[forbetterweb.com/html/concept/shop-cart.html]
[forbetterweb.com/html/concept/img/shop/1.jpg]
[forbetterweb.com/html/concept/img/shop/2.jpg]
[forbetterweb.com/html/concept/img/shop/3.jpg]
[forbetterweb.com/html/concept/img/main/2.jpg]
[forbetterweb.com/html/concept/img/main/12.jpg]
[forbetterweb.com/html/concept/img/main/13.jpg]
[forbetterweb.com/html/concept/img/main/76.jpg]
[forbetterweb.com/html/concept/img/main/68.jpg]
[forbetterweb.com/html/concept/img/main/75.jpg]
[forbetterweb.com/html/concept/img/main/14.jpg]
[forbetterweb.com/html/concept/img/main/73.jpg]
[forbetterweb.com/html/concept/img/main/61.jpg]
[forbetterweb.com/html/concept/img/main/80.jpg]
[forbetterweb.com/html/concept/img/main/7.jpg]
[forbetterweb.com/html/concept/img/main/74.jpg]
[forbetterweb.com/html/concept/img/misc/envato.png]
[forbetterweb.com/cdn-cgi/scripts/5c5dd728/cloudflare-static/email-decode.min.js]
[forbetterweb.com/html/concept/js/jquery-3.3.1.min.js]
[forbetterweb.com/html/concept/js/bootstrap.min.js]
[forbetterweb.com/html/concept/js/jquery.easing.min.js]
[forbetterweb.com/html/concept/js/jquery.countdown.min.js]
[forbetterweb.com/html/concept/js/device.min.js]
[forbetterweb.com/html/concept/js/form.min.js]
[forbetterweb.com/html/concept/js/jquery.placeholder.min.js]
[forbetterweb.com/html/concept/js/jquery.shuffle.min.js]
[forbetterweb.com/html/concept/js/jquery.parallax.min.js]
[forbetterweb.com/html/concept/js/jquery.circle-progress.min.js]
[forbetterweb.com/html/concept/js/jquery.swipebox.min.js]
[forbetterweb.com/html/concept/js/wow.min.js]
[forbetterweb.com/html/concept/js/jquery.smartmenus.js]
[forbetterweb.com/html/concept/js/main.js]
[forbetterweb.com/html/concept/indexportfolio2.html]
[forbetterweb.com/html/concept/css/bootstrap.min.css]
[forbetterweb.com/html/concept/fonts/fontawesome/css/fontawesome.min.css]
[forbetterweb.com/html/concept/fonts/fontawesome/css/brands.min.css]
[forbetterweb.com/html/concept/fonts/fontawesome/css/solid.min.css]
[forbetterweb.com/html/concept/fonts/ionicons/css/ionicons.min.css]
[forbetterweb.com/html/concept/js/vegas/vegas.min.css]
[forbetterweb.com/html/concept/css/animate.min.css]
[forbetterweb.com/html/concept/css/swipebox.css]
[forbetterweb.com/html/concept/img/main/35.jpg]
[forbetterweb.com/html/concept/img/main/18.jpg]
[forbetterweb.com/html/concept/img/main/10.jpg]
[forbetterweb.com/html/concept/img/main/0.jpg]
[forbetterweb.com/html/concept/img/main/40.jpg]
[forbetterweb.com/html/concept/img/misc/background.png]
[forbetterweb.com/html/concept/img/misc/awwwards_left.png]
[forbetterweb.com/html/concept/css/main.css]
[forbetterweb.com/html/concept/css/dark-top-menu.css]
[forbetterweb.com/html/concept/img/main/37.jpg]
[forbetterweb.com/html/concept/img/main/11.jpg]
[forbetterweb.com/html/concept/img/main/41.jpg]
[forbetterweb.com/html/concept/img/misc/7.png]
[forbetterweb.com/html/concept/img/main/58.jpg]
[forbetterweb.com/html/concept/img/main/59.jpg]
[forbetterweb.com/html/concept/img/main/25.jpg]
[forbetterweb.com/html/concept/img/main/31.jpg]
[forbetterweb.com/html/concept/img/main/3.jpg]
[forbetterweb.com/html/concept/img/main/17.jpg]
[forbetterweb.com/html/concept/img/main/16.jpg]
[forbetterweb.com/html/concept/img/main/26.jpg]
[forbetterweb.com/html/concept/img/main/29.jpg]
[forbetterweb.com/html/concept/img/main/21.jpg]
[forbetterweb.com/html/concept/img/testimonials/5.jpg]
[forbetterweb.com/html/concept/img/testimonials/1.jpg]
[forbetterweb.com/html/concept/img/testimonials/2.jpg]
[forbetterweb.com/html/concept/img/testimonials/3.jpg]
[forbetterweb.com/html/concept/img/testimonials/4.jpg]
[forbetterweb.com/html/concept/img/misc/11.png]
[forbetterweb.com/html/concept/img/misc/10.png]
[forbetterweb.com/html/concept/img/team/avatar3.jpg]
[forbetterweb.com/html/concept/img/team/avatar2.jpg]
[forbetterweb.com/html/concept/img/team/avatar1.jpg]
[forbetterweb.com/html/concept/img/team/avatar4.jpg]
[forbetterweb.com/html/concept/img/team/avatar5.jpg]
[forbetterweb.com/html/concept/img/main/5.jpg]
[forbetterweb.com/html/concept/img/main/4.jpg]
[forbetterweb.com/html/concept/js/map.js]
[forbetterweb.com/html/concept/indexslider.html]
[forbetterweb.com/html/concept/img/logo.png]
[forbetterweb.com/html/concept/img/logodark.png]
[forbetterweb.com/html/concept/img/logo2.png]
[forbetterweb.com/html/concept/indexvideo.html]
[forbetterweb.com/html/concept/js/jquery.mb.YTPlayerf94a.js]
[forbetterweb.com/html/concept/img/main/42.jpg]
[forbetterweb.com/html/concept/img/clients/1.png]
[forbetterweb.com/html/concept/img/clients/2.png]
[forbetterweb.com/html/concept/img/clients/3.png]
[forbetterweb.com/html/concept/img/clients/4.png]
[forbetterweb.com/html/concept/img/clients/5.png]
[forbetterweb.com/html/concept/img/clients/6.png]
[forbetterweb.com/html/concept/img/main/8.jpg]
[forbetterweb.com/html/concept/img/main/15.jpg]
[forbetterweb.com/html/concept/img/main/6.jpg]
[forbetterweb.com/html/concept/js/text-rotator.min.js]
[forbetterweb.com/html/concept/indexagency.html]
[forbetterweb.com/html/concept/img/misc/background3.jpg]
[forbetterweb.com/html/concept/img/misc/2.png]
[forbetterweb.com/html/concept/img/main/48.jpg]
[forbetterweb.com/html/concept/img/misc/mailchimp.png]
[forbetterweb.com/html/concept/img/misc/14.png]
[forbetterweb.com/html/concept/img/main/57.jpg]
[forbetterweb.com/html/concept/img/misc/3.jpg]
[forbetterweb.com/html/concept/indexapp.html]
[forbetterweb.com/html/concept/img/main/43.jpg]
[forbetterweb.com/html/concept/img/main/49.jpg]
[forbetterweb.com/html/concept/indexpersonal.html]
[forbetterweb.com/html/concept/img/main/9.jpg]
[forbetterweb.com/html/concept/indexpersonal2.html]
[forbetterweb.com/html/concept/img/main/38.jpg]
[forbetterweb.com/html/concept/img/main/34.jpg]
[forbetterweb.com/html/concept/img/main/24.jpg]
[forbetterweb.com/html/concept/img/main/33.jpg]
[forbetterweb.com/html/concept/img/main/27.jpg]
[forbetterweb.com/html/concept/img/clients/logo01.png]
[forbetterweb.com/html/concept/img/clients/logo02.png]
[forbetterweb.com/html/concept/img/clients/logo03.png]
[forbetterweb.com/html/concept/img/clients/logo04.png]
[forbetterweb.com/html/concept/indexportfolio.html]
[forbetterweb.com/html/concept/img/main/22.jpg]
[forbetterweb.com/html/concept/img/main/car7.jpg]
[forbetterweb.com/html/concept/img/main/70.jpg]
[forbetterweb.com/html/concept/img/main/71.jpg]
[forbetterweb.com/html/concept/img/main/72.jpg]
[forbetterweb.com/html/concept/js/map-dark.js]
[forbetterweb.com/html/concept/js/vegas/vegas.min.js]
[forbetterweb.com/html/concept/indexcar.html]
[forbetterweb.com/html/concept/js/jquery.mb.YTPlayer.js]
[forbetterweb.com/html/concept/img/main/23.jpg]
[forbetterweb.com/html/concept/img/misc/construction.png]
[forbetterweb.com/html/concept/indexconstruction.html]
[forbetterweb.com/html/concept/img/main/64.jpg]
[forbetterweb.com/html/concept/img/main/66.jpg]
[forbetterweb.com/html/concept/img/main/65.jpg]
[forbetterweb.com/html/concept/indexbarber.html]
[forbetterweb.com/html/concept/img/main/28.jpg]
[forbetterweb.com/html/concept/img/main/56.jpg]
[forbetterweb.com/html/concept/img/main/50.jpg]
[forbetterweb.com/html/concept/img/main/47.jpg]
[forbetterweb.com/html/concept/img/main/1.jpg]
[forbetterweb.com/html/concept/img/main/46.jpg]
[forbetterweb.com/html/concept/img/main/45.jpg]
[forbetterweb.com/html/concept/indexspa.html]
[forbetterweb.com/html/concept/img/main/44.jpg]
[forbetterweb.com/html/concept/img/main/30.jpg]
[forbetterweb.com/html/concept/indexarchdesign.html]
[forbetterweb.com/html/concept/img/main/67.jpg]
[forbetterweb.com/html/concept/img/main/60.jpg]
[forbetterweb.com/html/concept/img/main/20.jpg]
[forbetterweb.com/html/concept/img/main/62.jpg]
[forbetterweb.com/html/concept/img/main/63.jpg]
[forbetterweb.com/html/concept/img/main/69.jpg]
[forbetterweb.com/html/concept/indexcafe.html]
[forbetterweb.com/html/concept/img/main/77.jpg]
[forbetterweb.com/html/concept/indexevent.html]
[forbetterweb.com/html/concept/img/main/78.jpg]
[forbetterweb.com/html/concept/img/main/32.jpg]
[forbetterweb.com/html/concept/landing.html]
[forbetterweb.com/html/concept/landing2.html]
[forbetterweb.com/html/concept/landingdark.html]
[forbetterweb.com/html/concept/img/logo-one.png]
[forbetterweb.com/html/concept/img/logodark-one.png]
[forbetterweb.com/html/concept/indexparallax-one.html]
[forbetterweb.com/html/concept/indexvideo-one.html]
[forbetterweb.com/html/concept/indexvideo2-one.html]
[forbetterweb.com/html/concept/indexagency-one.html]
[forbetterweb.com/html/concept/indexportfolio-one.html]
[forbetterweb.com/html/concept/img/main/79.jpg]
[forbetterweb.com/html/concept/indexdark-one.html]
[forbetterweb.com/html/concept/indexkenburns-one.html]
[forbetterweb.com/html/concept/indexkenburns2-one.html]
[forbetterweb.com/html/concept/indexsolidcolor-one.html]
[forbetterweb.com/html/concept/comingsoon.html]
[forbetterweb.com/html/concept/comingsoon2.html]
[forbetterweb.com/html/concept/js/magic.min.js]
[forbetterweb.com/html/concept/img/main/19.jpg]
[forbetterweb.com/html/concept/comingsoon3.html]
[forbetterweb.com/html/concept/js/magic2.min.js]
[forbetterweb.com/html/concept/img/misc/demo1.jpg]
[forbetterweb.com/html/concept/img/misc/envato-elite-pastel-small.png]
[forbetterweb.com/html/concept/img/demo/1.jpg]
[forbetterweb.com/html/concept/img/demo/30.jpg]
[forbetterweb.com/html/concept/img/demo/2.jpg]
[forbetterweb.com/html/concept/img/demo/4.jpg]
[forbetterweb.com/html/concept/img/demo/6.jpg]
[forbetterweb.com/html/concept/img/demo/5.jpg]
[forbetterweb.com/html/concept/img/demo/7.jpg]
[forbetterweb.com/html/concept/img/demo/8.jpg]
[forbetterweb.com/html/concept/img/demo/3.jpg]
[forbetterweb.com/html/concept/img/demo/9.jpg]
[forbetterweb.com/html/concept/indexsalon.html]
[forbetterweb.com/html/concept/img/demo/10.jpg]
[forbetterweb.com/html/concept/img/demo/27.jpg]
[forbetterweb.com/html/concept/img/demo/11.jpg]
[forbetterweb.com/html/concept/img/demo/28.jpg]
[forbetterweb.com/html/concept/img/demo/29.jpg]
[forbetterweb.com/html/concept/img/demo/12.jpg]
[forbetterweb.com/html/concept/img/demo/13.jpg]
[forbetterweb.com/html/concept/img/demo/14.jpg]
[forbetterweb.com/html/concept/img/demo/24.jpg]
[forbetterweb.com/html/concept/img/demo/25.jpg]
[forbetterweb.com/html/concept/img/demo/26.jpg]
[forbetterweb.com/html/concept/img/demo/shop1.jpg]
[forbetterweb.com/html/concept/img/demo/shop2.jpg]
[forbetterweb.com/html/concept/img/demo/shop3.jpg]
[forbetterweb.com/html/concept/img/demo/shop4.jpg]
[forbetterweb.com/html/concept/img/demo/shop5.jpg]
[forbetterweb.com/html/concept/img/demo/15.jpg]
[forbetterweb.com/html/concept/img/demo/18.jpg]
[forbetterweb.com/html/concept/img/demo/19.jpg]
[forbetterweb.com/html/concept/img/demo/21.jpg]
[forbetterweb.com/html/concept/img/demo/22.jpg]
[forbetterweb.com/html/concept/img/demo/20.jpg]
[forbetterweb.com/html/concept/img/demo/16.jpg]
[forbetterweb.com/html/concept/img/demo/17.jpg]
[forbetterweb.com/html/concept/img/demo/23.jpg]
[forbetterweb.com/html/concept/index.html]
[forbetterweb.com/html/concept/about.html]
[forbetterweb.com/html/concept/about2.html]
[forbetterweb.com/html/concept/img/main/36.jpg]
[forbetterweb.com/html/concept/contact.html]
[forbetterweb.com/html/concept/contact2.html]
[forbetterweb.com/html/concept/partners.html]
[forbetterweb.com/html/concept/team.html]
[forbetterweb.com/html/concept/services.html]
[forbetterweb.com/html/concept/register.html]
[forbetterweb.com/html/concept/login.html]
[forbetterweb.com/html/concept/register-login.html]
[forbetterweb.com/html/concept/faq.html]
[forbetterweb.com/html/concept/img/main/55.jpg]
[forbetterweb.com/html/concept/404.html]
[forbetterweb.com/html/concept/portfolio-masonry-2.html]
[forbetterweb.com/html/concept/portfolio-masonry-3.html]
[forbetterweb.com/html/concept/portfolio-masonry-4.html]
[forbetterweb.com/html/concept/portfolio-wide-2.html]
[forbetterweb.com/html/concept/portfolio-wide-3.html]
[forbetterweb.com/html/concept/portfolio-wide-4.html]
[forbetterweb.com/html/concept/portfolio-boxed-2.html]
[forbetterweb.com/html/concept/portfolio-boxed-3.html]
[forbetterweb.com/html/concept/portfolio-boxed-4.html]
[forbetterweb.com/html/concept/portfolio-single.html]
[forbetterweb.com/html/concept/news2.html]
[forbetterweb.com/html/concept/client-single.html]
[forbetterweb.com/html/concept/img/clients/logo.png]
[forbetterweb.com/html/concept/news2-sidebar.html]
[forbetterweb.com/html/concept/news3.html]
[forbetterweb.com/html/concept/news4.html]
[forbetterweb.com/html/concept/news-single.html]
[forbetterweb.com/html/concept/news-single-sidebar.html]
[forbetterweb.com/html/concept/headers.html]
[forbetterweb.com/html/concept/buttons.html]
[forbetterweb.com/html/concept/carousels.html]
[forbetterweb.com/html/concept/columns.html]
[forbetterweb.com/html/concept/pricing.html]
[forbetterweb.com/html/concept/countdown.html]
[forbetterweb.com/html/concept/bars-charts.html]
[forbetterweb.com/html/concept/animate-on-scroll.html]
[forbetterweb.com/html/concept/typography.html]
[forbetterweb.com/html/concept/accordions.html]
[forbetterweb.com/html/concept/video-sound.html]
[forbetterweb.com/html/concept/tabs.html]
[forbetterweb.com/html/concept/img/shop/9.jpg]
[forbetterweb.com/html/concept/img/shop/10.jpg]
[forbetterweb.com/html/concept/img/shop/11.jpg]
[forbetterweb.com/html/concept/img/shop/12.jpg]
[forbetterweb.com/html/concept/img/shop/4.jpg]
[forbetterweb.com/html/concept/img/shop/5.jpg]
[forbetterweb.com/html/concept/img/shop/6.jpg]
[forbetterweb.com/html/concept/img/shop/7.jpg]
[forbetterweb.com/html/concept/img/shop/8.jpg]
[forbetterweb.com/html/concept/shop.html]
[forbetterweb.com/html/concept/shop2.html]
[forbetterweb.com/html/concept/shop3.html]
[forbetterweb.com/html/concept/img/shop/single1.jpg]
[forbetterweb.com/html/concept/img/shop/single2.jpg]
[forbetterweb.com/html/concept/img/shop/single3.jpg]
[forbetterweb.com/html/concept/img/shop/single4.jpg]
[forbetterweb.com/html/concept/img/shop/single5.jpg]
[forbetterweb.com/html/concept/shop-single.html]
[forbetterweb.com/html/concept/shop-cart.html]
[forbetterweb.com/html/concept/fonts/fontawesome/css/fontawesome.min.css]
[forbetterweb.com/html/concept/fonts/fontawesome/webfonts/fa-brands-400.eot]
[forbetterweb.com/html/concept/fonts/fontawesome/webfonts/fa-brands-400d41d.eot]
[forbetterweb.com/html/concept/fonts/fontawesome/webfonts/fa-brands-400.woff]
[forbetterweb.com/html/concept/fonts/fontawesome/webfonts/fa-brands-400.woff2]
[forbetterweb.com/html/concept/fonts/fontawesome/webfonts/fa-brands-400.ttf]
[forbetterweb.com/html/concept/fonts/fontawesome/css/brands.min.css]
[forbetterweb.com/html/concept/fonts/fontawesome/webfonts/fa-brands-400.svg]
[forbetterweb.com/html/concept/fonts/fontawesome/webfonts/fa-solid-900.eot]
[forbetterweb.com/html/concept/fonts/fontawesome/webfonts/fa-solid-900d41d.eot]
[forbetterweb.com/html/concept/fonts/fontawesome/webfonts/fa-solid-900.woff2]
[forbetterweb.com/html/concept/fonts/fontawesome/webfonts/fa-solid-900.woff]
[forbetterweb.com/html/concept/fonts/fontawesome/webfonts/fa-solid-900.ttf]
[forbetterweb.com/html/concept/fonts/fontawesome/css/solid.min.css]
[forbetterweb.com/html/concept/fonts/fontawesome/webfonts/fa-solid-900.svg]
[forbetterweb.com/html/concept/fonts/ionicons/fonts/ionicons28b5.eot]
[forbetterweb.com/html/concept/fonts/ionicons/fonts/ionicons28b5.woff]
[forbetterweb.com/html/concept/fonts/ionicons/fonts/ionicons28b5.ttf]
[forbetterweb.com/html/concept/fonts/ionicons/css/ionicons.min.css]
[forbetterweb.com/html/concept/fonts/ionicons/fonts/ionicons28b5.svg]
[forbetterweb.com/html/concept/js/vegas/overlays/02.png]
[forbetterweb.com/html/concept/js/vegas/vegas.min.css]
[forbetterweb.com/html/concept/css/animate.min.css]
[forbetterweb.com/html/concept/img/misc/loader.gif]
[forbetterweb.com/html/concept/css/swipebox.css]
[forbetterweb.com/html/concept/img/main/car7.html]
[forbetterweb.com/html/concept/indexsalon.html]
[forbetterweb.com/html/concept/client-single.html]
[forbetterweb.com/html/concept/fonts/fontawesome/webfonts/fa-brands-400.svg]
[forbetterweb.com/html/concept/fonts/fontawesome/webfonts/fa-solid-900.svg]
[forbetterweb.com/html/concept/fonts/ionicons/fonts/ionicons28b5.svg]
[forbetterweb.com/html/concept/js/vegas/overlays/02.html]
